SQL> CREATE TABLE DEPARTAMENTO
  2  (CD NUMBER(2)  PRIMARY KEY,
  3  D VARCHAR2(60));

Table created.

SQL> CREATE TABLE AREA
  2  (CAR NUMBER(3)  PRIMARY KEY,
  3  AR VARCHAR2(60),
  4  CD NUMBER(2)  REFERENCES DEPARTAMENTO ON DELETE CASCADE);

Table created.

SQL> CREATE TABLE PROFESOR
  2  (DNI NUMBER(8)  PRIMARY KEY,
  3  P VARCHAR2(60),
  4  CAR NUMBER(3),
  5  CAT VARCHAR2(5),
  6  FOREIGN KEY (CAR) REFERENCES AREA ON DELETE SET NULL);

Table created.

SQL> CREATE TABLE ASIGNATURA
  2  (CAS NUMBER(3)  PRIMARY KEY,
  3  A VARCHAR2(50)  NOT NULL,
  4  T CHAR(4)  NOT NULL,
  5  CUR NUMBER(1) CHECK (CUR BETWEEN 1 AND 5),
  6  CAR NUMBER(3) REFERENCES AREA ON DELETE SET NULL,
  7  CT NUMBER(3,1) DEFAULT 0.0,
  8  CP NUMBER(3,1) DEFAULT 0.0,
  9  CL NUMBER(3,1) DEFAULT 0.0);

Table created.

SQL> CREATE TABLE PLAN_DOCENTE
  2  (DNI NUMBER(9),
  3  
SQL> DROP TABLE PLAN_DOCENTE
  2  
SQL> 
SQL> DROP TABLE PLAN_DOCENTE;
DROP TABLE PLAN_DOCENTE
           *
ERROR at line 1:
ORA-00942: table or view does not exist 


SQL> CREATE TABLE PLAN_DOCENTE
  2  (DNI NUMBER(8),
  3  CAS NUMBER(3),
  4  CTA NUMBER(3,1) DEFAULT 0.0,
  5  CPA NUMBER(3,1) DEFAULT 0.0,
  6  CLA NUMBER(3,1) EDFAULT 0.0,
  7  FI DATE DEFAULT SYSDATE,
  8  FF DATE,
  9  PRIMARY KEY (DNI, CAS, FI),
 10  FOREIGN KEY (CAS) REFERENCES ASIGNATURA ON DELETE CASCADE,
 11  FOREIGN KEY (DNI) REFERENCES PROFESOR ON DELETE CASCADE,
 12  CHECK(FF >= FI));
CLA NUMBER(3,1) EDFAULT 0.0,
                *
ERROR at line 6:
ORA-00907: missing right parenthesis 


SQL> CREATE TABLE PLAN_DOCENTE
  2  (DNI NUMBER(8),
  3  CAS NUMBER(3),
  4  CTA NUMBER(3,1) DEFAULT 0.0,
  5  CPA NUMBER(3,1) DEFAULT 0.0,
  6  CLA NUMBER(3,1) DEFAULT 0.0,
  7  FI DATE DEFAULT SYSDATE,
  8  FF DATE,
  9  PRIMARY KEY (DNI, CAS, FI),
 10  FOREIGN KEY (CAS) REFERENCES ASIGNATURA ON DELETE CASCADE,
 11  FOREIGN KEY (DNI) REFERENCES PROFESOR ON DELETE CASCADE,
 12  CHECK(FF >= FI));

Table created.

SQL> SPOOL
currently spooling to pract3.lst
SQL> SPOOL OFF
